❌ Error: azcopy data transfer failed. See log output below:
INFO: Scanning...
INFO: Any empty folders will not be processed, because source and/or destination doesn't have full folder support

Job 9528081b-98ab-4a40-612e-e8ed6b05918e has started
Log file is located at: /root/.azcopy/9528081b-98ab-4a40-612e-e8ed6b05918e.log

INFO: Authentication failed, it is either not correct, or expired, or does not have the correct permission PUT https://lbfdatastorehns.blob.core.windows.net/imaging-processed/20260727-mighty-guppy-74d0-silver/20260727-mighty-guppy-74d0/mock_data/minion.jpeg
--------------------------------------------------------------------------------
RESPONSE 403: 403 This request is not authorized to perform this operation using this permission.
ERROR CODE: AuthorizationPermissionMismatch
--------------------------------------------------------------------------------
﻿<?xml version="1.0" encoding="utf-8"?><Error><Code>AuthorizationPermissionMismatch</Code><Message>This request is not authorized to perform this operation using this permission.
RequestId:3209adbe-701e-0018-1acd-456e7d000000
Time:2026-09-16T11:24:25.4069862Z</Message></Error>
--------------------------------------------------------------------------------

panic: close of nil channel

goroutine 161 [running]:
github.com/Azure/azure-storage-azcopy/v10/ste.(*jobMgr).reportJobPartDoneHandler(0x4000598708)
	/azcopy/ste/mgr-JobMgr.go:718 +0x2bc
created by github.com/Azure/azure-storage-azcopy/v10/ste.NewJobMgr in goroutine 1
	/azcopy/ste/mgr-JobMgr.go:203 +0x9d0
