INFO: Scanning...
INFO: Any empty folders will not be processed, because source and/or destination doesn't have full folder support

Job 1bf2ce65-0290-cd4f-70f8-547d96d3b573 has started
Log file is located at: /root/.azcopy/1bf2ce65-0290-cd4f-70f8-547d96d3b573.log

INFO: Authentication failed, it is either not correct, or expired, or does not have the correct permission PUT https://lbfdatastorehns.blob.core.windows.net/bronze/silver-skeleton/20260727-mighty-guppy-74d0-silver/20260727-mighty-guppy-74d0/mock_data/minion.jpeg
--------------------------------------------------------------------------------
RESPONSE 403: 403 This request is not authorized to perform this operation using this permission.
ERROR CODE: AuthorizationPermissionMismatch
--------------------------------------------------------------------------------
﻿<?xml version="1.0" encoding="utf-8"?><Error><Code>AuthorizationPermissionMismatch</Code><Message>This request is not authorized to perform this operation using this permission.
RequestId:dccc0d92-801e-00b5-7cce-452208000000
Time:2026-09-16T11:25:43.8517727Z</Message></Error>
--------------------------------------------------------------------------------

INFO: Authentication failed, it is either not correct, or expired, or does not have the correct permission PUT https://lbfdatastorehns.blob.core.windows.net/bronze/silver-skeleton/20260727-mighty-guppy-74d0-silver/20260727-mighty-guppy-74d0/mock_data/fun.jpeg
--------------------------------------------------------------------------------
RESPONSE 403: 403 This request is not authorized to perform this operation using this permission.
ERROR CODE: AuthorizationPermissionMismatch
--------------------------------------------------------------------------------
﻿<?xml version="1.0" encoding="utf-8"?><Error><Code>AuthorizationPermissionMismatch</Code><Message>This request is not authorized to perform this operation using this permission.
RequestId:f8bfe9a8-901e-00b9-17ce-45b500000000
Time:2026-09-16T11:25:43.8478389Z</Message></Error>
--------------------------------------------------------------------------------

panic: close of nil channel

goroutine 154 [running]:
github.com/Azure/azure-storage-azcopy/v10/ste.(*jobMgr).reportJobPartDoneHandler(0x4000484708)
	/azcopy/ste/mgr-JobMgr.go:718 +0x2bc
created by github.com/Azure/azure-storage-azcopy/v10/ste.NewJobMgr in goroutine 1
	/azcopy/ste/mgr-JobMgr.go:203 +0x9d0
